apiVersion: tekton.dev/v1beta1
kind: PipelineRun
metadata:
  creationTimestamp: null
  name: release
spec:
  pipelineSpec:
    tasks:
    - name: chart
      resources: {}
      taskSpec:
        metadata: {}
        stepTemplate:
          image: uses://tasks/.lighthouse/jenkins-x/release.yaml@versionStream
          name: ""
          resources: {}
          workingDir: /workspace/source
        steps:
        - image: uses:jenkins-x/jx3-pipeline-catalog/tasks/git-clone/git-clone.yaml@versionStream
          name: ""
          resources: {}
        - image: gcr.io/jenkinsxio/use-different0-image:1.0.42
          name: next-version
          resources: {}
          script: |
            #!/usr/bin/env bash
            VERSION=$(jx-release-version)
            echo $VERSION > VERSION
        - name: jx-variables
          resources: {}
        - name: release-binary
          resources: {}
        - name: build-and-push-image
          resources: {}
        - image: gcr.io/kaniko-project/executor:debug-v1.3.0
          name: build-and-push-image-bdd
          resources: {}
          script: |
            #!/busybox/sh
            source .jx/variables.sh
            cp /tekton/creds-secrets/tekton-container-registry-auth/.dockerconfigjson /kaniko/.docker/config.json
            /kaniko/executor $KANIKO_FLAGS --context=/workspace/source --dockerfile=/workspace/source/Dockerfile-bdd --destination=gcr.io/$DOCKER_REGISTRY_ORG/jx-bdd:$VERSION --destination=gcr.io/$DOCKER_REGISTRY_ORG/jx-bdd:latest
        - image: gcr.io/kaniko-project/executor:debug-v1.3.0
          name: build-and-push-image-go
          resources: {}
          script: |
            #!/busybox/sh
            source .jx/variables.sh
            cp /tekton/creds-secrets/tekton-container-registry-auth/.dockerconfigjson /kaniko/.docker/config.json
            /kaniko/executor $KANIKO_FLAGS --context=/workspace/source --dockerfile=/workspace/source/Dockerfile-go --destination=gcr.io/$DOCKER_REGISTRY_ORG/jx-go:$VERSION --destination=gcr.io/$DOCKER_REGISTRY_ORG/jx-go:latest
        - image: gcr.io/kaniko-project/executor:debug-v1.3.0
          name: build-and-push-image-go-maven
          resources: {}
          script: |
            #!/busybox/sh
            source .jx/variables.sh
            cp /tekton/creds-secrets/tekton-container-registry-auth/.dockerconfigjson /kaniko/.docker/config.json
            /kaniko/executor $KANIKO_FLAGS --context=/workspace/source --dockerfile=/workspace/source/Dockerfile-go-maven --destination=gcr.io/$DOCKER_REGISTRY_ORG/jx-go-maven:$VERSION --destination=gcr.io/$DOCKER_REGISTRY_ORG/jx-go-maven:latest
            /kaniko/executor $KANIKO_FLAGS --context=/workspace/source --dockerfile=/workspace/source/Dockerfile --destination=gcr.io/$DOCKER_REGISTRY_ORG/$REPO_NAME:$VERSION
        - name: chart-docs
          resources: {}
        - name: release-chart
          resources: {}
        - name: changelog
          resources: {}
        - name: upload-binaries
          resources: {}
        - image: google/cloud-sdk:slim
          name: build-and-push-image-multi
          resources: {}
          script: |
            #!/bin/bash
            source .jx/variables.sh
            gcloud builds submit --config cloudbuild.yaml --project jenkinsxio --substitutions=_VERSION="$VERSION"
        - name: promote-release
          resources: {}
  serviceAccountName: tekton-bot
  timeout: 240h0m0s
status: {}
